  Compiling CUDA source file lenia.cu...
  Compiling CUDA source file Device32noInteropMode.cu...
  Compiling CUDA source file DeviceFFT16Mode.cu...
  Compiling CUDA source file DeviceFFT32Mode.cu...
  Compiling CUDA source file Device32Mode.cu...
  Compiling CUDA source file DeviceFFT64Mode.cu...
  
  
  
  C:\Users\massa\Downloads\cuLenia-master\cuLenia-master>"C:\Program Files\NVIDIA GPU Computing Toolkit\CUDA\v12.6\bin\nvcc.exe" -gencode=arch=compute_86,code=\"sm_86,compute_86\" --use-local-env -ccbin "C:\Program Files\Microsoft Visual Studio\18\Community\VC\Tools\MSVC\14.44.35207\bin\HostX64\x64" -x cu -rdc=true  -I"C:\dev\vcpkg\installed\x64-windows\include\opencv4" -I"C:\Program Files\NVIDIA GPU Computing Toolkit\CUDA\v12.6\include" -I"C:\Users\massa\vcpkg\installed\x64-windows\include" -I"C:\Program Files\NVIDIA GPU Computing Toolkit\CUDA\v12.6\include"  -G   --keep-dir Lenia\x64\Debug  -maxrregcount=0   --machine 64 --compile -cudart static  -g  -DWIN32 -DWIN64 -D_DEBUG -D_CONSOLE -D_MBCS -Xcompiler "/EHsc /W3 /nologo /Od /FS /Zi /RTC1 /MDd " -Xcompiler "/FdLenia\x64\Debug\vc143.pdb" -o C:\Users\massa\Downloads\cuLenia-master\cuLenia-master\Lenia\x64\Debug\Device32noInteropMode.cu.obj "C:\Users\massa\Downloads\cuLenia-master\cuLenia-master\Device32noInteropMode.cu" 
  C:\Users\massa\Downloads\cuLenia-master\cuLenia-master>"C:\Program Files\NVIDIA GPU Computing Toolkit\CUDA\v12.6\bin\nvcc.exe" -gencode=arch=compute_86,code=\"sm_86,compute_86\" --use-local-env -ccbin "C:\Program Files\Microsoft Visual Studio\18\Community\VC\Tools\MSVC\14.44.35207\bin\HostX64\x64" -x cu -rdc=true  -I"C:\dev\vcpkg\installed\x64-windows\include\opencv4" -I"C:\Program Files\NVIDIA GPU Computing Toolkit\CUDA\v12.6\include" -I"C:\Users\massa\vcpkg\installed\x64-windows\include" -I"C:\Program Files\NVIDIA GPU Computing Toolkit\CUDA\v12.6\include"  -G   --keep-dir Lenia\x64\Debug  -maxrregcount=0   --machine 64 --compile -cudart static  -g  -DWIN32 -DWIN64 -D_DEBUG -D_CONSOLE -D_MBCS -Xcompiler "/EHsc /W3 /nologo /Od /FS /Zi /RTC1 /MDd " -Xcompiler "/FdLenia\x64\Debug\vc143.pdb" -o C:\Users\massa\Downloads\cuLenia-master\cuLenia-master\Lenia\x64\Debug\DeviceFFT64Mode.cu.obj "C:\Users\massa\Downloads\cuLenia-master\cuLenia-master\DeviceFFT64Mode.cu" 
  C:\Users\massa\Downloads\cuLenia-master\cuLenia-master>"C:\Program Files\NVIDIA GPU Computing Toolkit\CUDA\v12.6\bin\nvcc.exe" -gencode=arch=compute_86,code=\"sm_86,compute_86\" --use-local-env -ccbin "C:\Program Files\Microsoft Visual Studio\18\Community\VC\Tools\MSVC\14.44.35207\bin\HostX64\x64" -x cu -rdc=true  -I"C:\dev\vcpkg\installed\x64-windows\include\opencv4" -I"C:\Program Files\NVIDIA GPU Computing Toolkit\CUDA\v12.6\include" -I"C:\Users\massa\vcpkg\installed\x64-windows\include" -I"C:\Program Files\NVIDIA GPU Computing Toolkit\CUDA\v12.6\include"  -G   --keep-dir Lenia\x64\Debug  -maxrregcount=0   --machine 64 --compile -cudart static  -g  -DWIN32 -DWIN64 -D_DEBUG -D_CONSOLE -D_MBCS -Xcompiler "/EHsc /W3 /nologo /Od /FS /Zi /RTC1 /MDd " -Xcompiler "/FdLenia\x64\Debug\vc143.pdb" -o C:\Users\massa\Downloads\cuLenia-master\cuLenia-master\Lenia\x64\Debug\lenia.cu.obj "C:\Users\massa\Downloads\cuLenia-master\cuLenia-master\lenia.cu" 
  
  
  C:\Users\massa\Downloads\cuLenia-master\cuLenia-master>"C:\Program Files\NVIDIA GPU Computing Toolkit\CUDA\v12.6\bin\nvcc.exe" -gencode=arch=compute_86,code=\"sm_86,compute_86\" --use-local-env -ccbin "C:\Program Files\Microsoft Visual Studio\18\Community\VC\Tools\MSVC\14.44.35207\bin\HostX64\x64" -x cu -rdc=true  -I"C:\dev\vcpkg\installed\x64-windows\include\opencv4" -I"C:\Program Files\NVIDIA GPU Computing Toolkit\CUDA\v12.6\include" -I"C:\Users\massa\vcpkg\installed\x64-windows\include" -I"C:\Program Files\NVIDIA GPU Computing Toolkit\CUDA\v12.6\include"  -G   --keep-dir Lenia\x64\Debug  -maxrregcount=0   --machine 64 --compile -cudart static  -g  -DWIN32 -DWIN64 -D_DEBUG -D_CONSOLE -D_MBCS -Xcompiler "/EHsc /W3 /nologo /Od /FS /Zi /RTC1 /MDd " -Xcompiler "/FdLenia\x64\Debug\vc143.pdb" -o C:\Users\massa\Downloads\cuLenia-master\cuLenia-master\Lenia\x64\Debug\DeviceFFT32Mode.cu.obj "C:\Users\massa\Downloads\cuLenia-master\cuLenia-master\DeviceFFT32Mode.cu" 
  C:\Users\massa\Downloads\cuLenia-master\cuLenia-master>"C:\Program Files\NVIDIA GPU Computing Toolkit\CUDA\v12.6\bin\nvcc.exe" -gencode=arch=compute_86,code=\"sm_86,compute_86\" --use-local-env -ccbin "C:\Program Files\Microsoft Visual Studio\18\Community\VC\Tools\MSVC\14.44.35207\bin\HostX64\x64" -x cu -rdc=true  -I"C:\dev\vcpkg\installed\x64-windows\include\opencv4" -I"C:\Program Files\NVIDIA GPU Computing Toolkit\CUDA\v12.6\include" -I"C:\Users\massa\vcpkg\installed\x64-windows\include" -I"C:\Program Files\NVIDIA GPU Computing Toolkit\CUDA\v12.6\include"  -G   --keep-dir Lenia\x64\Debug  -maxrregcount=0   --machine 64 --compile -cudart static  -g  -DWIN32 -DWIN64 -D_DEBUG -D_CONSOLE -D_MBCS -Xcompiler "/EHsc /W3 /nologo /Od /FS /Zi /RTC1 /MDd " -Xcompiler "/FdLenia\x64\Debug\vc143.pdb" -o C:\Users\massa\Downloads\cuLenia-master\cuLenia-master\Lenia\x64\Debug\Device32Mode.cu.obj "C:\Users\massa\Downloads\cuLenia-master\cuLenia-master\Device32Mode.cu" 
  
  C:\Users\massa\Downloads\cuLenia-master\cuLenia-master>"C:\Program Files\NVIDIA GPU Computing Toolkit\CUDA\v12.6\bin\nvcc.exe" -gencode=arch=compute_86,code=\"sm_86,compute_86\" --use-local-env -ccbin "C:\Program Files\Microsoft Visual Studio\18\Community\VC\Tools\MSVC\14.44.35207\bin\HostX64\x64" -x cu -rdc=true  -I"C:\dev\vcpkg\installed\x64-windows\include\opencv4" -I"C:\Program Files\NVIDIA GPU Computing Toolkit\CUDA\v12.6\include" -I"C:\Users\massa\vcpkg\installed\x64-windows\include" -I"C:\Program Files\NVIDIA GPU Computing Toolkit\CUDA\v12.6\include"  -G   --keep-dir Lenia\x64\Debug  -maxrregcount=0   --machine 64 --compile -cudart static  -g  -DWIN32 -DWIN64 -D_DEBUG -D_CONSOLE -D_MBCS -Xcompiler "/EHsc /W3 /nologo /Od /FS /Zi /RTC1 /MDd " -Xcompiler "/FdLenia\x64\Debug\vc143.pdb" -o C:\Users\massa\Downloads\cuLenia-master\cuLenia-master\Lenia\x64\Debug\DeviceFFT16Mode.cu.obj "C:\Users\massa\Downloads\cuLenia-master\cuLenia-master\DeviceFFT16Mode.cu" 
  Device32Mode.cu
  lenia.cu
  DeviceFFT64Mode.cu
  Device32noInteropMode.cu
  DeviceFFT32Mode.cu
  DeviceFFT16Mode.cu
  tmpxft_00006650_00000000-7_lenia.cudafe1.cpp
C:\Users\massa\Downloads\cuLenia-master\cuLenia-master\lenia.cu(34): warning C4244: 'initialisation' : conversion de 'float' en 'int', perte possible de données
C:\Users\massa\Downloads\cuLenia-master\cuLenia-master\lenia.cu(53): warning C4244: 'argument' : conversion de 'int' en 'float', perte possible de données
  tmpxft_000030c0_00000000-7_Device32Mode.cudafe1.cpp
  tmpxft_000052ec_00000000-7_DeviceFFT64Mode.cudafe1.cpp
  tmpxft_00007e0c_00000000-7_DeviceFFT16Mode.cudafe1.cpp
  tmpxft_000066f0_00000000-7_Device32noInteropMode.cudafe1.cpp
  tmpxft_00006660_00000000-7_DeviceFFT32Mode.cudafe1.cpp
  HostMode.cpp
  main.cpp
C:\Users\massa\Downloads\cuLenia-master\cuLenia-master\HostMode.cpp(31,39): warning C4244: '=' : conversion de 'float' en 'int', perte possible de données
C:\Users\massa\Downloads\cuLenia-master\cuLenia-master\HostMode.cpp(32,44): warning C4244: '=' : conversion de 'float' en 'int', perte possible de données
C:\Users\massa\Downloads\cuLenia-master\cuLenia-master\HostMode.cpp(33,39): warning C4244: '=' : conversion de 'float' en 'int', perte possible de données
C:\Users\massa\Downloads\cuLenia-master\cuLenia-master\HostMode.cpp(39,71): warning C4244: 'argument' : conversion de 'float' en 'int', perte possible de données
C:\Users\massa\Downloads\cuLenia-master\cuLenia-master\HostMode.cpp(39,45): warning C4244: 'argument' : conversion de 'float' en 'int', perte possible de données
C:\Users\massa\Downloads\cuLenia-master\cuLenia-master\main.cpp(138,22): warning C4305: 'initialisation' : troncation de 'double' à 'float'
C:\Users\massa\Downloads\cuLenia-master\cuLenia-master\main.cpp(138,41): warning C4305: 'initialisation' : troncation de 'double' à 'float'
C:\Users\massa\Downloads\cuLenia-master\cuLenia-master\main.cpp(138,47): warning C4305: 'initialisation' : troncation de 'double' à 'float'
C:\Users\massa\Downloads\cuLenia-master\cuLenia-master\main.cpp(138,54): warning C4305: 'initialisation' : troncation de 'double' à 'float'
C:\Users\massa\Downloads\cuLenia-master\cuLenia-master\main.cpp(139,18): warning C4305: 'initialisation' : troncation de 'double' à 'float'
C:\Users\massa\Downloads\cuLenia-master\cuLenia-master\main.cpp(139,37): warning C4305: 'initialisation' : troncation de 'double' à 'float'
C:\Users\massa\Downloads\cuLenia-master\cuLenia-master\main.cpp(139,43): warning C4305: 'initialisation' : troncation de 'double' à 'float'
C:\Users\massa\Downloads\cuLenia-master\cuLenia-master\main.cpp(139,50): warning C4305: 'initialisation' : troncation de 'double' à 'float'
C:\Users\massa\Downloads\cuLenia-master\cuLenia-master\main.cpp(140,40): warning C4305: 'initialisation' : troncation de 'double' à 'float'
C:\Users\massa\Downloads\cuLenia-master\cuLenia-master\main.cpp(140,44): warning C4305: 'initialisation' : troncation de 'double' à 'float'
C:\Users\massa\Downloads\cuLenia-master\cuLenia-master\main.cpp(140,51): warning C4305: 'initialisation' : troncation de 'double' à 'float'
C:\Users\massa\Downloads\cuLenia-master\cuLenia-master\main.cpp(141,18): warning C4305: 'initialisation' : troncation de 'double' à 'float'
C:\Users\massa\Downloads\cuLenia-master\cuLenia-master\main.cpp(141,37): warning C4305: 'initialisation' : troncation de 'double' à 'float'
C:\Users\massa\Downloads\cuLenia-master\cuLenia-master\main.cpp(141,43): warning C4305: 'initialisation' : troncation de 'double' à 'float'
C:\Users\massa\Downloads\cuLenia-master\cuLenia-master\main.cpp(141,50): warning C4305: 'initialisation' : troncation de 'double' à 'float'
C:\Users\massa\Downloads\cuLenia-master\cuLenia-master\main.cpp(142,18): warning C4305: 'initialisation' : troncation de 'double' à 'float'
C:\Users\massa\Downloads\cuLenia-master\cuLenia-master\main.cpp(142,37): warning C4305: 'initialisation' : troncation de 'double' à 'float'
C:\Users\massa\Downloads\cuLenia-master\cuLenia-master\main.cpp(142,43): warning C4305: 'initialisation' : troncation de 'double' à 'float'
C:\Users\massa\Downloads\cuLenia-master\cuLenia-master\main.cpp(142,50): warning C4305: 'initialisation' : troncation de 'double' à 'float'
C:\Users\massa\Downloads\cuLenia-master\cuLenia-master\main.cpp(143,18): warning C4305: 'initialisation' : troncation de 'double' à 'float'
C:\Users\massa\Downloads\cuLenia-master\cuLenia-master\main.cpp(143,40): warning C4305: 'initialisation' : troncation de 'double' à 'float'
C:\Users\massa\Downloads\cuLenia-master\cuLenia-master\main.cpp(143,46): warning C4305: 'initialisation' : troncation de 'double' à 'float'
C:\Users\massa\Downloads\cuLenia-master\cuLenia-master\main.cpp(143,53): warning C4305: 'initialisation' : troncation de 'double' à 'float'
C:\Users\massa\Downloads\cuLenia-master\cuLenia-master\main.cpp(144,18): warning C4305: 'initialisation' : troncation de 'double' à 'float'
C:\Users\massa\Downloads\cuLenia-master\cuLenia-master\main.cpp(144,37): warning C4305: 'initialisation' : troncation de 'double' à 'float'
C:\Users\massa\Downloads\cuLenia-master\cuLenia-master\main.cpp(144,42): warning C4305: 'initialisation' : troncation de 'double' à 'float'
C:\Users\massa\Downloads\cuLenia-master\cuLenia-master\main.cpp(144,49): warning C4305: 'initialisation' : troncation de 'double' à 'float'
C:\Users\massa\Downloads\cuLenia-master\cuLenia-master\main.cpp(145,18): warning C4305: 'initialisation' : troncation de 'double' à 'float'
C:\Users\massa\Downloads\cuLenia-master\cuLenia-master\main.cpp(145,37): warning C4305: 'initialisation' : troncation de 'double' à 'float'
C:\Users\massa\Downloads\cuLenia-master\cuLenia-master\main.cpp(145,43): warning C4305: 'initialisation' : troncation de 'double' à 'float'
C:\Users\massa\Downloads\cuLenia-master\cuLenia-master\main.cpp(145,50): warning C4305: 'initialisation' : troncation de 'double' à 'float'
C:\Users\massa\Downloads\cuLenia-master\cuLenia-master\main.cpp(146,18): warning C4305: 'initialisation' : troncation de 'double' à 'float'
C:\Users\massa\Downloads\cuLenia-master\cuLenia-master\main.cpp(146,37): warning C4305: 'initialisation' : troncation de 'double' à 'float'
C:\Users\massa\Downloads\cuLenia-master\cuLenia-master\main.cpp(146,43): warning C4305: 'initialisation' : troncation de 'double' à 'float'
C:\Users\massa\Downloads\cuLenia-master\cuLenia-master\main.cpp(146,50): warning C4305: 'initialisation' : troncation de 'double' à 'float'
C:\Users\massa\Downloads\cuLenia-master\cuLenia-master\main.cpp(147,18): warning C4305: 'initialisation' : troncation de 'double' à 'float'
C:\Users\massa\Downloads\cuLenia-master\cuLenia-master\main.cpp(147,43): warning C4305: 'initialisation' : troncation de 'double' à 'float'
C:\Users\massa\Downloads\cuLenia-master\cuLenia-master\main.cpp(147,49): warning C4305: 'initialisation' : troncation de 'double' à 'float'
C:\Users\massa\Downloads\cuLenia-master\cuLenia-master\main.cpp(147,56): warning C4305: 'initialisation' : troncation de 'double' à 'float'
C:\Users\massa\Downloads\cuLenia-master\cuLenia-master\main.cpp(148,41): warning C4305: 'initialisation' : troncation de 'double' à 'float'
C:\Users\massa\Downloads\cuLenia-master\cuLenia-master\main.cpp(148,47): warning C4305: 'initialisation' : troncation de 'double' à 'float'
C:\Users\massa\Downloads\cuLenia-master\cuLenia-master\main.cpp(148,54): warning C4305: 'initialisation' : troncation de 'double' à 'float'
C:\Users\massa\Downloads\cuLenia-master\cuLenia-master\main.cpp(149,18): warning C4305: 'initialisation' : troncation de 'double' à 'float'
C:\Users\massa\Downloads\cuLenia-master\cuLenia-master\main.cpp(149,43): warning C4305: 'initialisation' : troncation de 'double' à 'float'
C:\Users\massa\Downloads\cuLenia-master\cuLenia-master\main.cpp(149,49): warning C4305: 'initialisation' : troncation de 'double' à 'float'
C:\Users\massa\Downloads\cuLenia-master\cuLenia-master\main.cpp(149,56): warning C4305: 'initialisation' : troncation de 'double' à 'float'
C:\Users\massa\Downloads\cuLenia-master\cuLenia-master\main.cpp(150,18): warning C4305: 'initialisation' : troncation de 'double' à 'float'
C:\Users\massa\Downloads\cuLenia-master\cuLenia-master\main.cpp(150,37): warning C4305: 'initialisation' : troncation de 'double' à 'float'
C:\Users\massa\Downloads\cuLenia-master\cuLenia-master\main.cpp(150,43): warning C4305: 'initialisation' : troncation de 'double' à 'float'
C:\Users\massa\Downloads\cuLenia-master\cuLenia-master\main.cpp(150,50): warning C4305: 'initialisation' : troncation de 'double' à 'float'
C:\Users\massa\Downloads\cuLenia-master\cuLenia-master\main.cpp(151,18): warning C4305: 'initialisation' : troncation de 'double' à 'float'
C:\Users\massa\Downloads\cuLenia-master\cuLenia-master\main.cpp(151,41): warning C4305: 'initialisation' : troncation de 'double' à 'float'
C:\Users\massa\Downloads\cuLenia-master\cuLenia-master\main.cpp(151,47): warning C4305: 'initialisation' : troncation de 'double' à 'float'
C:\Users\massa\Downloads\cuLenia-master\cuLenia-master\main.cpp(151,54): warning C4305: 'initialisation' : troncation de 'double' à 'float'
C:\Users\massa\Downloads\cuLenia-master\cuLenia-master\main.cpp(152,18): warning C4305: 'initialisation' : troncation de 'double' à 'float'
C:\Users\massa\Downloads\cuLenia-master\cuLenia-master\main.cpp(152,37): warning C4305: 'initialisation' : troncation de 'double' à 'float'
C:\Users\massa\Downloads\cuLenia-master\cuLenia-master\main.cpp(152,43): warning C4305: 'initialisation' : troncation de 'double' à 'float'
C:\Users\massa\Downloads\cuLenia-master\cuLenia-master\main.cpp(152,50): warning C4305: 'initialisation' : troncation de 'double' à 'float'
  Génération de code en cours...
  
  C:\Users\massa\Downloads\cuLenia-master\cuLenia-master>"C:\Program Files\NVIDIA GPU Computing Toolkit\CUDA\v12.6\bin\nvcc.exe" -dlink  -o Lenia\x64\Debug\Lenia.device-link.obj -Xcompiler "/EHsc /W3 /nologo /Od /Zi /RTC1 /MDd " -Xcompiler "/FdLenia\x64\Debug\vc143.pdb" -L"C:\Program Files\NVIDIA GPU Computing Toolkit\CUDA\v12.6\bin/crt" -L"C:\dev\vcpkg\installed\x64-windows\debug\lib" -L"C:\Program Files\NVIDIA GPU Computing Toolkit\CUDA\v12.6\lib\x64" -L"C:\Users\massa\vcpkg\installed\x64-windows\debug\lib" -L"C:\Users\massa\vcpkg\installed\x64-windows\debug\lib\manual-link" cufft.lib opengl32.lib cudart_static.lib opencv_core4d.lib opencv_imgproc4d.lib kernel32.lib user32.lib gdi32.lib winspool.lib comdlg32.lib advapi32.lib shell32.lib ole32.lib oleaut32.lib uuid.lib odbc32.lib odbccp32.lib cudart.lib cudadevrt.lib "C:\Users\massa\vcpkg\installed\x64-windows\debug\lib\abseil_dll.lib" "C:\Users\massa\vcpkg\installed\x64-windows\debug\lib\absl_decode_rust_punycode.lib" "C:\Users\massa\vcpkg\installed\x64-windows\debug\lib\absl_demangle_rust.lib" "C:\Users\massa\vcpkg\installed\x64-windows\debug\lib\absl_flags_commandlineflag.lib" "C:\Users\massa\vcpkg\installed\x64-windows\debug\lib\absl_flags_commandlineflag_internal.lib" "C:\Users\massa\vcpkg\installed\x64-windows\debug\lib\absl_flags_config.lib" "C:\Users\massa\vcpkg\installed\x64-windows\debug\lib\absl_flags_internal.lib" "C:\Users\massa\vcpkg\installed\x64-windows\debug\lib\absl_flags_marshalling.lib" "C:\Users\massa\vcpkg\installed\x64-windows\debug\lib\absl_flags_parse.lib" "C:\Users\massa\vcpkg\installed\x64-windows\debug\lib\absl_flags_private_handle_accessor.lib" "C:\Users\massa\vcpkg\installed\x64-windows\debug\lib\absl_flags_program_name.lib" "C:\Users\massa\vcpkg\installed\x64-windows\debug\lib\absl_flags_reflection.lib" "C:\Users\massa\vcpkg\installed\x64-windows\debug\lib\absl_flags_usage.lib" "C:\Users\massa\vcpkg\installed\x64-windows\debug\lib\absl_flags_usage_internal.lib" "C:\Users\massa\vcpkg\installed\x64-windows\debug\lib\absl_hashtable_profiler.lib" "C:\Users\massa\vcpkg\installed\x64-windows\debug\lib\absl_log_flags.lib" "C:\Users\massa\vcpkg\installed\x64-windows\debug\lib\absl_log_internal_structured_proto.lib" "C:\Users\massa\vcpkg\installed\x64-windows\debug\lib\absl_poison.lib" "C:\Users\massa\vcpkg\installed\x64-windows\debug\lib\absl_profile_builder.lib" "C:\Users\massa\vcpkg\installed\x64-windows\debug\lib\absl_random_internal_entropy_pool.lib" "C:\Users\massa\vcpkg\installed\x64-windows\debug\lib\absl_tracing_internal.lib" "C:\Users\massa\vcpkg\installed\x64-windows\debug\lib\absl_utf8_for_code_point.lib" "C:\Users\massa\vcpkg\installed\x64-windows\debug\lib\flatbuffers.lib" "C:\Users\massa\vcpkg\installed\x64-windows\debug\lib\glew32d.lib" "C:\Users\massa\vcpkg\installed\x64-windows\debug\lib\glfw3dll.lib" "C:\Users\massa\vcpkg\installed\x64-windows\debug\lib\GlU32.Lib" "C:\Users\massa\vcpkg\installed\x64-windows\debug\lib\jpeg.lib" "C:\Users\massa\vcpkg\installed\x64-windows\debug\lib\lzma.lib" "C:\Users\massa\vcpkg\installed\x64-windows\debug\lib\OpenGL32.Lib" "C:\Users\massa\vcpkg\installed\x64-windows\debug\lib\turbojpeg.lib"  -gencode=arch=compute_86,code=sm_86 -G  "C:\Users\massa\Downloads\cuLenia-master\cuLenia-master\Lenia\x64\Debug\Device32noInteropMode.cu.obj" "C:\Users\massa\Downloads\cuLenia-master\cuLenia-master\Lenia\x64\Debug\DeviceFFT16Mode.cu.obj" "C:\Users\massa\Downloads\cuLenia-master\cuLenia-master\Lenia\x64\Debug\DeviceFFT32Mode.cu.obj" "C:\Users\massa\Downloads\cuLenia-master\cuLenia-master\Lenia\x64\Debug\DeviceFFT64Mode.cu.obj" "C:\Users\massa\Downloads\cuLenia-master\cuLenia-master\Lenia\x64\Debug\Device32Mode.cu.obj" "C:\Users\massa\Downloads\cuLenia-master\cuLenia-master\Lenia\x64\Debug\lenia.cu.obj" 
  cufft.lib
  opengl32.lib
  cudart_static.lib
  opencv_core4d.lib
  opencv_imgproc4d.lib
  kernel32.lib
  user32.lib
  gdi32.lib
  winspool.lib
  comdlg32.lib
  advapi32.lib
  shell32.lib
  ole32.lib
  oleaut32.lib
  uuid.lib
  odbc32.lib
  odbccp32.lib
  cudart.lib
  cudadevrt.lib
  abseil_dll.lib
  absl_decode_rust_punycode.lib
  absl_demangle_rust.lib
  absl_flags_commandlineflag.lib
  absl_flags_commandlineflag_internal.lib
  absl_flags_config.lib
  absl_flags_internal.lib
  absl_flags_marshalling.lib
  absl_flags_parse.lib
  absl_flags_private_handle_accessor.lib
  absl_flags_program_name.lib
  absl_flags_reflection.lib
  absl_flags_usage.lib
  absl_flags_usage_internal.lib
  absl_hashtable_profiler.lib
  absl_log_flags.lib
  absl_log_internal_structured_proto.lib
  absl_poison.lib
  absl_profile_builder.lib
  absl_random_internal_entropy_pool.lib
  absl_tracing_internal.lib
  absl_utf8_for_code_point.lib
  flatbuffers.lib
  glew32d.lib
  glfw3dll.lib
  GlU32.Lib
  jpeg.lib
  lzma.lib
  OpenGL32.Lib
  turbojpeg.lib
  Device32noInteropMode.cu.obj
  DeviceFFT16Mode.cu.obj
  DeviceFFT32Mode.cu.obj
  DeviceFFT64Mode.cu.obj
  Device32Mode.cu.obj
  lenia.cu.obj
     Création de la bibliothèque C:\Users\massa\Downloads\cuLenia-master\cuLenia-master\x64\Debug\Lenia.lib et de l'objet C:\Users\massa\Downloads\cuLenia-master\cuLenia-master\x64\Debug\Lenia.exp
LINK : warning LNK4098: conflit entre la bibliothèque par défaut 'LIBCMT' et les autres bibliothèques ; utilisez /NODEFAULTLIB:library
  Lenia.vcxproj -> C:\Users\massa\Downloads\cuLenia-master\cuLenia-master\x64\Debug\Lenia.exe
  'pwsh.exe' n'est pas reconnu en tant que commande interne
  ou externe, un programme exécutable ou un fichier de commandes.
