c:\users\massa\downloads\culenia-master\culenia-master\lenia\x64\debug\vc143.pdb
c:\users\massa\downloads\culenia-master\culenia-master\lenia\x64\debug\vc143.idb
c:\users\massa\downloads\culenia-master\culenia-master\lenia\x64\debug\main.obj
c:\users\massa\downloads\culenia-master\culenia-master\lenia\x64\debug\hostmode.obj
c:\users\massa\downloads\culenia-master\culenia-master\lenia\x64\debug\device32nointeropmode.cu.obj
c:\users\massa\downloads\culenia-master\culenia-master\lenia\x64\debug\devicefft16mode.cu.obj
c:\users\massa\downloads\culenia-master\culenia-master\lenia\x64\debug\devicefft32mode.cu.obj
c:\users\massa\downloads\culenia-master\culenia-master\lenia\x64\debug\devicefft64mode.cu.obj
c:\users\massa\downloads\culenia-master\culenia-master\lenia\x64\debug\device32mode.cu.obj
c:\users\massa\downloads\culenia-master\culenia-master\lenia\x64\debug\lenia.cu.obj
c:\users\massa\downloads\culenia-master\culenia-master\x64\debug\glew32d.dll
c:\users\massa\downloads\culenia-master\culenia-master\x64\debug\glfw3.dll
c:\users\massa\downloads\culenia-master\culenia-master\x64\debug\lenia.exe
c:\users\massa\downloads\culenia-master\culenia-master\x64\debug\lenia.pdb
c:\users\massa\downloads\culenia-master\culenia-master\x64\debug\lenia.lib
c:\users\massa\downloads\culenia-master\culenia-master\x64\debug\lenia.exp
c:\users\massa\downloads\culenia-master\culenia-master\lenia\x64\debug\lenia.ilk
c:\users\massa\downloads\culenia-master\culenia-master\lenia\x64\debug\device32mode.cu.cache
c:\users\massa\downloads\culenia-master\culenia-master\lenia\x64\debug\device32nointeropmode.cu.cache
c:\users\massa\downloads\culenia-master\culenia-master\lenia\x64\debug\devicefft16mode.cu.cache
c:\users\massa\downloads\culenia-master\culenia-master\lenia\x64\debug\devicefft32mode.cu.cache
c:\users\massa\downloads\culenia-master\culenia-master\lenia\x64\debug\devicefft64mode.cu.cache
c:\users\massa\downloads\culenia-master\culenia-master\lenia\x64\debug\lenia.cu.cache
c:\users\massa\downloads\culenia-master\culenia-master\lenia\x64\debug\lenia.device-link.obj
c:\users\massa\downloads\culenia-master\culenia-master\lenia\x64\debug\lenia.tlog\cl.command.1.tlog
c:\users\massa\downloads\culenia-master\culenia-master\lenia\x64\debug\lenia.tlog\cl.items.tlog
c:\users\massa\downloads\culenia-master\culenia-master\lenia\x64\debug\lenia.tlog\cl.read.1.tlog
c:\users\massa\downloads\culenia-master\culenia-master\lenia\x64\debug\lenia.tlog\cl.write.1.tlog
c:\users\massa\downloads\culenia-master\culenia-master\lenia\x64\debug\lenia.tlog\cudacompile.read.1u.tlog
c:\users\massa\downloads\culenia-master\culenia-master\lenia\x64\debug\lenia.tlog\cudacompile.write.1u.tlog
c:\users\massa\downloads\culenia-master\culenia-master\lenia\x64\debug\lenia.tlog\lenia.write.1u.tlog
c:\users\massa\downloads\culenia-master\culenia-master\lenia\x64\debug\lenia.tlog\link.command.1.tlog
c:\users\massa\downloads\culenia-master\culenia-master\lenia\x64\debug\lenia.tlog\link.read.1.tlog
c:\users\massa\downloads\culenia-master\culenia-master\lenia\x64\debug\lenia.tlog\link.secondary.1.tlog
c:\users\massa\downloads\culenia-master\culenia-master\lenia\x64\debug\lenia.tlog\link.write.1.tlog
